[
  [
    {
      "name": "COS 126",
      "possible_reqs": [
        "Major//2018//COS-AB//Prerequisites//Computer Science Prerequisites"
      ],
      "reqs_satisfied": [
        "Major//2018//COS-AB//Prerequisites//Computer Science Prerequisites"
      ],
      "settled": [
        "Major//2018//COS-AB//Prerequisites//Computer Science Prerequisites"
      ]
    },
    {
      "name": "COS 226",
      "possible_reqs": [
        "Major//2018//COS-AB//Prerequisites//Computer Science Prerequisites"
      ],
      "reqs_satisfied": [
        "Major//2018//COS-AB//Prerequisites//Computer Science Prerequisites"
      ],
      "settled": [
        "Major//2018//COS-AB//Prerequisites//Computer Science Prerequisites"
      ]
    },
    {
      "name": "COS 217",
      "possible_reqs": [
        "Major//2018//COS-AB//Prerequisites//Computer Science Prerequisites"
      ],
      "reqs_satisfied": [
        "Major//2018//COS-AB//Prerequisites//Computer Science Prerequisites"
      ],
      "settled": [
        "Major//2018//COS-AB//Prerequisites//Computer Science Prerequisites"
      ]
    }
  ],
  [
    {
      "name": "COS340",
      "possible_reqs": [
        "Major//2018//COS-AB//Core Courses//Theory//000",
        "Major//2018//COS-AB//Core Courses//General"
      ],
      "reqs_satisfied": [
        "Major//2018//COS-AB//Core Courses//Theory//000"
      ],
      "settled": [
        "Major//2018//COS-AB//Core Courses//Theory"
      ]
    },
    {
      "name": "COS 333",
      "possible_reqs": [
        "Major//2018//COS-AB//Core Courses//Systems//000",
        "Major//2018//COS-AB//Core Courses//General"
      ],
      "reqs_satisfied": [
        "Major//2018//COS-AB//Core Courses//Systems//000"
      ],
      "settled": [
        "Major//2018//COS-AB//Core Courses//Systems"
      ]
    }
  ],
  [
    {
      "name": "COS 351/ SOC 353 /WWS351",
      "possible_reqs": [
        "Major//2018//COS-AB//Core Courses//General"
      ],
      "reqs_satisfied": [
        "Major//2018//COS-AB//Core Courses//General"
      ],
      "settled": [
        "Major//2018//COS-AB//Core Courses//General"
      ]
    },
    {
      "name": "ELE 206/COS 306",
      "possible_reqs": [
        "Major//2018//COS-AB//Core Courses//Systems//000",
        "Major//2018//COS-AB//Core Courses//General"
      ],
      "reqs_satisfied": [
        "Major//2018//COS-AB//Core Courses//Systems//000"
      ],
      "settled": [
        "Major//2018//COS-AB//Core Courses//Systems"
      ]
    },
    {
      "name": "MUS314/COS314",
      "possible_reqs": [
        "Major//2018//COS-AB//Core Courses//Applications",
        "Major//2018//COS-AB//Core Courses//General"
      ],
      "reqs_satisfied": [
        "Major//2018//COS-AB//Core Courses//Applications"
      ],
      "settled": [
        "Major//2018//COS-AB//Core Courses//Applications"
      ]
    },
    {
      "name": "COS 423",
      "possible_reqs": [
        "Major//2018//COS-AB//Core Courses//Theory//000",
        "Major//2018//COS-AB//Core Courses//General"
      ],
      "reqs_satisfied": [
        "Major//2018//COS-AB//Core Courses//Theory//000"
      ],
      "settled": [
        "Major//2018//COS-AB//Core Courses//Theory"
      ]
    },
    {
      "name": "COS 436",
      "possible_reqs": [
        "Major//2018//COS-AB//Core Courses//Applications",
        "Major//2018//COS-AB//Core Courses//General"
      ],
      "reqs_satisfied": [
        "Major//2018//COS-AB//Core Courses//Applications"
      ],
      "settled": [
        "Major//2018//COS-AB//Core Courses//Applications"
      ]
    }
  ],
  [
    {
      "name": "ART 213",
      "possible_reqs": [],
      "reqs_satisfied": []
    },
    {
      "name": "NEU 330 / PSY 330",
      "possible_reqs": [
        "Major//2018//COS-AB//Core Courses//General"
      ],
      "reqs_satisfied": [
        "Major//2018//COS-AB//Core Courses//General"
      ],
      "settled": [
        "Major//2018//COS-AB//Core Courses//General"
      ]
    },
    {
      "name": "COS 401 / LIN 304 / TRA 301",
      "possible_reqs": [
        "Major//2018//COS-AB//Core Courses//Applications",
        "Major//2018//COS-AB//Core Courses//General"
      ],
      "reqs_satisfied": [
        "Major//2018//COS-AB//Core Courses//General"
      ],
      "settled": [
        "Major//2018//COS-AB//Core Courses//General"
      ]
    }
  ]
]

{
  "name": "Computer Science - AB",
  "code": "COS-AB",
  "degree": "AB",
  "path_to": "Major//2018//COS-AB",
  "urls": [
    "https://ua.princeton.edu/academic-units/department-computer-science-ab",
    "https://www.cs.princeton.edu/ugrad/becoming-cs-major/requirements"
  ],
  "contacts": [
    {
      "type": "Program Coordinator",
      "name": "Colleen Kenny",
      "email": "ckenny@cs.princeton.edu"
    },
    {
      "type": "Departmental Representative",
      "name": "Brian Kernighan",
      "email": "bwk@cs.princeton.edu"
    },
    {
      "type": "Departmental Representative",
      "name": "Andrea LaPaugh",
      "email": "aslp@cs.princeton.edu"
    }
  ],
  "satisfied": false,
  "count": 1,
  "min_needed": 2,
  "max_counted": null,
  "req_list": [
    {
      "name": "Prerequisites",
      "path_to": "Major//2018//COS-AB//Prerequisites",
      "explanation": "The prerequisites for AB candidates are MAT 103, 104, and 202 or 204 ; COS 126; COS 217 and 226. Students should plan to take both 217 and 226 before the junior year. One or both of these are required prerequisites for all later computer science courses.",
      "pdfs_allowed": false,
      "completed_by_semester": 4,
      "satisfied": false,
      "count": 3,
      "min_needed": 6,
      "max_counted": 1,
      "req_list": [
        {
          "name": "Calculus",
          "path_to": "Major//2018//COS-AB//Prerequisites//Calculus",
          "explanation": "COS AB candidates must also take Math 103-104 and one of Math 202 or 204.",
          "satisfied": false,
          "count": 0,
          "min_needed": 2,
          "max_counted": 2,
          "settled": [],
          "unsettled": []
        },
        {
          "name": "Linear Algebra",
          "path_to": "Major//2018//COS-AB//Prerequisites//Linear Algebra",
          "explanation": "COS AB candidates must also take Math 103-104 and one of Math 202 or 204.",
          "satisfied": false,
          "count": 0,
          "min_needed": 1,
          "max_counted": 1,
          "settled": [],
          "unsettled": []
        },
        {
          "name": "Computer Science Prerequisites",
          "path_to": "Major//2018//COS-AB//Prerequisites//Computer Science Prerequisites",
          "explanation": "The three prerequisite computer science courses introduce the core concepts and techniques of the field. ",
          "satisfied": true,
          "count": 3,
          "min_needed": 3,
          "max_counted": 3,
          "settled": [
            "COS 126",
            "COS 226",
            "COS 217"
          ],
          "unsettled": []
        }
      ]
    },
    {
      "name": "Core Courses",
      "path_to": "Major//2018//COS-AB//Core Courses",
      "explanation": "Eight additional departmental courses at or above the 300 level must be elected to fulfill the departmental requirements(link is external).  These eight courses must include two each from the following three areas:",
      "pdfs_allowed": false,
      "satisfied": true,
      "count": 4,
      "min_needed": 4,
      "max_counted": 1,
      "req_list": [
        {
          "name": "Theory",
          "path_to": "Major//2018//COS-AB//Core Courses//Theory",
          "explanation": null,
          "satisfied": true,
          "count": 2,
          "min_needed": 2,
          "max_counted": 1,
          "settled": [
            "COS340",
            "COS 423"
          ],
          "unsettled": []
        },
        {
          "name": "Systems",
          "path_to": "Major//2018//COS-AB//Core Courses//Systems",
          "explanation": null,
          "satisfied": true,
          "count": 2,
          "min_needed": 2,
          "max_counted": 1,
          "settled": [
            "COS 333",
            "ELE 206/COS 306"
          ],
          "unsettled": []
        },
        {
          "name": "Applications",
          "path_to": "Major//2018//COS-AB//Core Courses//Applications",
          "explanation": null,
          "satisfied": true,
          "count": 2,
          "min_needed": 2,
          "max_counted": 1,
          "settled": [
            "MUS314/COS314",
            "COS 436"
          ],
          "unsettled": []
        },
        {
          "name": "General",
          "path_to": "Major//2018//COS-AB//Core Courses//General",
          "explanation": "Any computer science (COS) course at the 300 or 400 level (except independent work) counts as a computer science departmental.\nAny 300- or 400- level Math or ELE or Physics or ORF course that does not duplicate COS content, Philosophy 312, MAE 345, CHM 303, ECO 312, MOL 437/NEU 437, NEU 330, and ECO 326 \u2013 Economics of the Internet count as departmentals.",
          "satisfied": true,
          "count": 3,
          "min_needed": 2,
          "max_counted": 1,
          "settled": [
            "COS 351/ SOC 353 /WWS351",
            "NEU 330 / PSY 330",
            "COS 401 / LIN 304 / TRA 301"
          ],
          "unsettled": []
        }
      ]
    },
    {
      "name": "Independent Work",
      "path_to": "Major//2018//COS-AB//Independent Work",
      "explanation": "All A.B. concentrators engage in independent work supervised by a member of the department. A junior project normally involves the study and solution of specific problems, often associated with a research project. It may require a significant programming effort, a theoretical study involving the design and analysis of algorithms, or an applications problem in some other field. The results of these efforts must be presented in two written reports and posters that correspond to the work undertaken in each of the terms. The senior thesis may be a study in greater depth of one of the subjects considered in junior independent work, or it may deal with another aspect of computer science and its application.",
      "satisfied": true,
      "count": 0,
      "min_needed": 0,
      "max_counted": null,
      "settled": [],
      "unsettled": []
    }
  ]
}
